[debug] [2026-07-22T17:06:28.484Z] ----------------------------------------------------------------------
[debug] [2026-07-22T17:06:28.486Z] Command:       C:\Program Files\nodejs\node.exe C:\Users\hayda\AppData\Roaming\npm\node_modules\firebase-tools\lib\bin\firebase.js apps:sdkconfig android 1:713716281775:android:2ee81611cbe048ba2fbf5a --project post-it-72f0b
[debug] [2026-07-22T17:06:28.486Z] CLI Version:   15.24.0
[debug] [2026-07-22T17:06:28.487Z] Platform:      win32
[debug] [2026-07-22T17:06:28.487Z] Node Version:  v22.13.1
[debug] [2026-07-22T17:06:28.487Z] Detected Agent: codex_cli
[debug] [2026-07-22T17:06:28.487Z] Time:          Wed Jul 22 2026 19:06:28 GMT+0200 (hora de verano de Europa central)
[debug] [2026-07-22T17:06:28.487Z] ----------------------------------------------------------------------
[debug] 
[debug] [2026-07-22T17:06:28.734Z] > command requires scopes: ["email","openid","https://www.googleapis.com/auth/cloudplatformprojects.readonly","https://www.googleapis.com/auth/firebase","https://www.googleapis.com/auth/cloud-platform"]
[debug] [2026-07-22T17:06:28.734Z] > authorizing via signed-in user (haydarcano22@gmail.com)
[debug] [2026-07-22T17:06:28.746Z] Checked if tokens are valid: false, expires at: 1784737957465
[debug] [2026-07-22T17:06:28.746Z] Checked if tokens are valid: false, expires at: 1784737957465
[debug] [2026-07-22T17:06:28.746Z] > refreshing access token with scopes: []
[debug] [2026-07-22T17:06:28.750Z] >>> [apiv2][query] POST https://www.googleapis.com/oauth2/v3/token [none]
[debug] [2026-07-22T17:06:28.750Z] >>> [apiv2][body] POST https://www.googleapis.com/oauth2/v3/token [omitted]
[debug] [2026-07-22T17:06:28.766Z] *** [apiv2] error from fetch(https://www.googleapis.com/oauth2/v3/token, {"headers":{},"method":"POST","dispatcher":{"_events":{},"_eventsCount":0},"body":{"type":"Buffer","data":[45,45,45,45,45,45,45,45,45,45,45,45,45,45,45,45,45,45,45,45,45,45,45,45,45,45,45,45,56,52,48,51,98,52,48,53,48,57,52,49,48,102,48,101,50,50,100,50,102,101,100,97,13,10,67,111,110,116,101,110,116,45,68,105,115,112,111,115,105,116,105,111,110,58,32,102,111,114,109,45,100,97,116,97,59,32,110,97,109,101,61,34,114,101,102,114,101,115,104,95,116,111,107,101,110,34,13,10,13,10,49,47,47,48,51,112,97,65,69,110,95,86,105,55,115,80,67,103,89,73,65,82,65,65,71,65,77,83,78,119,70,45,76,57,73,114,65,88,95,99,122,103,51,114,118,113,85,69,57,108,95,109,56,90,54,74,71,116,53,70,109,107,104,86,72,72,111,80,53,98,109,107,107,87,99,119,115,75,88,108,101,52,117,104,119,77,74,109,114,85,65,103,45,54,122,50,82,54,88,107,107,69,111,13,10,45,45,45,45,45,45,45,45,45,45,45,45,45,45,45,45,45,45,45,45,45,45,45,45,45,45,45,45,56,52,48,51,98,52,48,53,48,57,52,49,48,102,48,101,50,50,100,50,102,101,100,97,13,10,67,111,110,116,101,110,116,45,68,105,115,112,111,115,105,116,105,111,110,58,32,102,111,114,109,45,100,97,116,97,59,32,110,97,109,101,61,34,99,108,105,101,110,116,95,105,100,34,13,10,13,10,53,54,51,53,56,52,51,51,53,56,54,57,45,102,103,114,104,103,109,100,52,55,98,113,110,101,107,105,106,53,105,56,98,53,112,114,48,51,104,111,56,52,57,101,54,46,97,112,112,115,46,103,111,111,103,108,101,117,115,101,114,99,111,110,116,101,110,116,46,99,111,109,13,10,45,45,45,45,45,45,45,45,45,45,45,45,45,45,45,45,45,45,45,45,45,45,45,45,45,45,45,45,56,52,48,51,98,52,48,53,48,57,52,49,48,102,48,101,50,50,100,50,102,101,100,97,13,10,67,111,110,116,101,110,116,45,68,105,115,112,111,115,105,116,105,111,110,58,32,102,111,114,109,45,100,97,116,97,59,32,110,97,109,101,61,34,99,108,105,101,110,116,95,115,101,99,114,101,116,34,13,10,13,10,106,57,105,86,90,102,83,56,107,107,67,69,70,85,80,97,65,101,74,86,48,115,65,105,13,10,45,45,45,45,45,45,45,45,45,45,45,45,45,45,45,45,45,45,45,45,45,45,45,45,45,45,45,45,56,52,48,51,98,52,48,53,48,57,52,49,48,102,48,101,50,50,100,50,102,101,100,97,13,10,67,111,110,116,101,110,116,45,68,105,115,112,111,115,105,116,105,111,110,58,32,102,111,114,109,45,100,97,116,97,59,32,110,97,109,101,61,34,103,114,97,110,116,95,116,121,112,101,34,13,10,13,10,114,101,102,114,101,115,104,95,116,111,107,101,110,13,10,45,45,45,45,45,45,45,45,45,45,45,45,45,45,45,45,45,45,45,45,45,45,45,45,45,45,45,45,56,52,48,51,98,52,48,53,48,57,52,49,48,102,48,101,50,50,100,50,102,101,100,97,13,10,67,111,110,116,101,110,116,45,68,105,115,112,111,115,105,116,105,111,110,58,32,102,111,114,109,45,100,97,116,97,59,32,110,97,109,101,61,34,115,99,111,112,101,34,13,10,13,10,13,10,45,45,45,45,45,45,45,45,45,45,45,45,45,45,45,45,45,45,45,45,45,45,45,45,45,45,45,45,56,52,48,51,98,52,48,53,48,57,52,49,48,102,48,101,50,50,100,50,102,101,100,97,45,45,13,10]}}): Error: connect ECONNREFUSED 127.0.0.1:9
[error] Authentication Error: Your credentials are no longer valid. Please run firebase login --reauth

For CI servers and headless environments, generate a new token with firebase login:ci
[debug] [2026-07-22T17:06:28.767Z] Authentication Error: Your credentials are no longer valid. Please run firebase login --reauth

For CI servers and headless environments, generate a new token with firebase login:ci
[debug] [2026-07-22T17:06:28.967Z] FirebaseError: Authentication Error: Your credentials are no longer valid. Please run firebase login --reauth

For CI servers and headless environments, generate a new token with firebase login:ci
    at invalidCredentialError (C:\Users\hayda\AppData\Roaming\npm\node_modules\firebase-tools\lib\auth.js:176:12)
    at refreshTokens (C:\Users\hayda\AppData\Roaming\npm\node_modules\firebase-tools\lib\auth.js:589:15)
    at process.processTicksAndRejections (node:internal/process/task_queues:105:5)
    at async getAccessToken (C:\Users\hayda\AppData\Roaming\npm\node_modules\firebase-tools\lib\apiv2.js:53:18)
    at async Client.addAuthHeader (C:\Users\hayda\AppData\Roaming\npm\node_modules\firebase-tools\lib\apiv2.js:209:21)
    at async Client.request (C:\Users\hayda\AppData\Roaming\npm\node_modules\firebase-tools\lib\apiv2.js:156:34)
    at async getAppConfig (C:\Users\hayda\AppData\Roaming\npm\node_modules\firebase-tools\lib\management\apps.js:438:26)
    at async Command.actionFn (C:\Users\hayda\AppData\Roaming\npm\node_modules\firebase-tools\lib\commands\apps-sdkconfig.js:69:22)
[error] 
[error] Error: Failed to get ANDROID app configuration. See firebase-debug.log for more info.
[debug] [2026-07-22T17:06:29.262Z] Error: EPERM: operation not permitted, open 'C:\Users\hayda\.config\configstore\firebase-tools.json.1671888876'
    at Object.openSync (node:fs:562:18)
    at Function.writeFileSync [as sync] (C:\Users\hayda\AppData\Roaming\npm\node_modules\firebase-tools\node_modules\write-file-atomic\index.js:205:13)
    at set all (C:\Users\hayda\AppData\Roaming\npm\node_modules\firebase-tools\node_modules\configstore\index.js:61:20)
    at Configstore.delete (C:\Users\hayda\AppData\Roaming\npm\node_modules\firebase-tools\node_modules\configstore\index.js:101:12)
    at process.<anonymous> (C:\Users\hayda\AppData\Roaming\npm\node_modules\firebase-tools\lib\bin\cli.js:95:45)
    at process.emit (node:events:536:35)
    at process.exit (node:internal/process/per_thread:182:15)
    at Timeout._onTimeout (C:\Users\hayda\AppData\Roaming\npm\node_modules\firebase-tools\lib\errorOut.js:20:17)
    at listOnTimeout (node:internal/timers:594:17)
    at process.processTimers (node:internal/timers:529:7)
[error] 
[error] Error: An unexpected error has occurred.
